Script started on Sat Nov 14 16:04:57 2015
[?1034hbash-3.2$ vi ~/.ssh/id_rsa.pub[C[C[C[C[C[C[C[C[C[C[Kscript bootstrap/bootstrap
script: /bootstrap: Permission denied
bash-3.2$ script /bootstrap[C[1@s[1@h[1@ 
script: script: is a directory
bash-3.2$ sh script /bootstrap[C[C[C[C[C[C[C[1P/bootstrap
** Invoke db:drop (first_time)
** Invoke db:load_config (first_time)
** Execute db:load_config
** Execute db:drop
** Invoke db:create (first_time)
** Invoke db:load_config 
** Execute db:create
** Invoke db:migrate (first_time)
** Invoke environment (first_time)
** Execute environment
** Invoke db:load_config 
** Execute db:migrate
== 20141018071742 CreateUsers: migrating ======================================
-- create_table(:users)
   -> 0.0081s
== 20141018071742 CreateUsers: migrated (0.0081s) =============================

== 20141018101309 CreateBenefitPlans: migrating ===============================
-- create_table(:benefit_plans)
   -> 0.0069s
== 20141018101309 CreateBenefitPlans: migrated (0.0070s) ======================

== 20141019011324 CreateGroups: migrating =====================================
-- create_table(:groups)
   -> 0.0075s
== 20141019011324 CreateGroups: migrated (0.0076s) ============================

== 20141019011351 CreateAccounts: migrating ===================================
-- create_table(:accounts)
   -> 0.0082s
== 20141019011351 CreateAccounts: migrated (0.0083s) ==========================

== 20141019011431 CreateRoles: migrating ======================================
-- create_table(:roles)
   -> 0.0088s
== 20141019011431 CreateRoles: migrated (0.0089s) =============================

== 20141019014144 CreateMemberships: migrating ================================
-- create_table(:memberships)
   -> 0.0079s
== 20141019014144 CreateMemberships: migrated (0.0080s) =======================

== 20141019014234 CreateGroupBenefitPlans: migrating ==========================
-- create_table(:group_benefit_plans)
   -> 0.0093s
== 20141019014234 CreateGroupBenefitPlans: migrated (0.0093s) =================

== 20141021081117 CreateApplications: migrating ===============================
-- create_table(:applications)
   -> 0.0099s
== 20141021081117 CreateApplications: migrated (0.0100s) ======================

== 20141022052345 CreatePayments: migrating ===================================
-- create_table(:payments)
   -> 0.0073s
== 20141022052345 CreatePayments: migrated (0.0074s) ==========================

== 20141101092017 CreateSubscriberDependents: migrating =======================
-- create_table(:subscriber_dependents)
   -> 0.0045s
== 20141101092017 CreateSubscriberDependents: migrated (0.0046s) ==============

== 20141101092217 CreateDependents: migrating =================================
-- create_table(:dependents)
   -> 0.0059s
== 20141101092217 CreateDependents: migrated (0.0060s) ========================

== 20141102041408 CreateCarriers: migrating ===================================
-- create_table(:carriers)
   -> 0.0094s
== 20141102041408 CreateCarriers: migrated (0.0095s) ==========================

== 20141103003532 CreateCarrierAccounts: migrating ============================
-- create_table(:carrier_accounts)
   -> 0.0072s
== 20141103003532 CreateCarrierAccounts: migrated (0.0073s) ===================

== 20141119053011 CreateInvitations: migrating ================================
-- create_table(:invitations)
   -> 0.0089s
== 20141119053011 CreateInvitations: migrated (0.0090s) =======================

== 20150222080715 CreateFeatures: migrating ===================================
-- create_table(:features)
   -> 0.0079s
== 20150222080715 CreateFeatures: migrated (0.0080s) ==========================

== 20150313015002 CreateTokens: migrating =====================================
-- create_table(:tokens)
   -> 0.0092s
== 20150313015002 CreateTokens: migrated (0.0093s) ============================

== 20150316023510 CreateAttachments: migrating ================================
-- create_table(:attachments)
   -> 0.0073s
== 20150316023510 CreateAttachments: migrated (0.0075s) =======================

== 20150328223705 CreateApplicationStatuses: migrating ========================
-- create_table(:application_statuses)
   -> 0.0081s
== 20150328223705 CreateApplicationStatuses: migrated (0.0082s) ===============

== 20150402002142 CreateAccountBenefitPlans: migrating ========================
-- create_table(:account_benefit_plans)
   -> 0.0084s
== 20150402002142 CreateAccountBenefitPlans: migrated (0.0085s) ===============

== 20150412192152 CreateNotifications: migrating ==============================
-- create_table(:notifications)
   -> 0.0108s
== 20150412192152 CreateNotifications: migrated (0.0109s) =====================

== 20150528181039 CreateInvoices: migrating ===================================
-- create_table(:invoices)
   -> 0.0099s
== 20150528181039 CreateInvoices: migrated (0.0100s) ==========================

== 20150903181600 AddDetailsFieldsToGroup: migrating ==========================
-- add_column(:groups, :number_of_members, :integer)
   -> 0.0005s
-- add_column(:groups, :industry, :string)
   -> 0.0003s
-- add_column(:groups, :website, :string)
   -> 0.0003s
-- add_column(:groups, :phone_number, :string)
   -> 0.0003s
-- add_column(:groups, :zip_code, :integer)
   -> 0.0002s
-- add_column(:groups, :tax_id, :integer)
   -> 0.0004s
== 20150903181600 AddDetailsFieldsToGroup: migrated (0.0027s) =================

== 20150907170842 AddPhoneToUser: migrating ===================================
-- add_column(:users, :phone, :string)
   -> 0.0006s
== 20150907170842 AddPhoneToUser: migrated (0.0006s) ==========================

== 20150918183124 AddPdfAttachmentToApplication: migrating ====================
-- add_column(:applications, :pdf_attachment_url, :string)
   -> 0.0007s
== 20150918183124 AddPdfAttachmentToApplication: migrated (0.0008s) ===========

== 20151022162905 CreateEnrollments: migrating ================================
-- create_table(:enrollments)
   -> 0.0112s
== 20151022162905 CreateEnrollments: migrated (0.0113s) =======================

** Invoke db:_dump (first_time)
** Execute db:_dump
** Invoke db:schema:dump (first_time)
** Invoke environment 
** Invoke db:load_config 
** Execute db:schema:dump
** Invoke annotate_models (first_time)
** Invoke set_annotation_options (first_time)
** Execute set_annotation_options
** Invoke environment 
** Execute annotate_models
Nothing to annotate.
** Invoke db:seed (first_time)
** Execute db:seed
** Invoke db:abort_if_pending_migrations (first_time)
** Invoke environment 
** Execute db:abort_if_pending_migrations
Loading /Users/allen/projects/congo-api/db/seeds/01_accounts.rb...
Loading /Users/allen/projects/congo-api/db/seeds/02_users.rb...
Loading /Users/allen/projects/congo-api/db/seeds/03_benefit_plans.rb...
Loading /Users/allen/projects/congo-api/db/seeds/04_groups.rb...
Loading /Users/allen/projects/congo-api/db/seeds/05_features.rb...
Loading /Users/allen/projects/congo-api/db/seeds/06_attachments.rb...
Loading /Users/allen/projects/congo-api/db/seeds/07_dump.rb...
Destroying existing demo groups, attachments, memberships, and group benefit plans.
Creating users.
User "sally@bread.com" does not yet exist. Creating.
User "sam@bread.com" does not yet exist. Creating.
User "kevin@bread.com" does not yet exist. Creating.
User "john@bread.com" does not yet exist. Creating.
Creating roles.
Customer role for "sally@bread.com" does not yet exist. Creating.
Customer role for "sam@bread.com" does not yet exist. Creating.
Customer role for "kevin@bread.com" does not yet exist. Creating.
Customer role for "john@bread.com" does not yet exist. Creating.
Creating test groups.
Creating carriers and carrier accounts.
"Aetna" carrier account does not yet exist. Creating.
"21st Century Insurance and Financial Services" carrier account does not yet exist. Creating.
Creating benefit plans, account benefit plans, and group benefit plans.
"Delta Dental Platinum" benefit plan does not yet exist. Creating.
"Delta Dental Platinum" account benefit plan does not yet exist. Creating.
"VSP Premier Vision" benefit plan does not yet exist. Creating.
"VSP Premier Vision" account benefit plan does not yet exist. Creating.
"The Guardian Life Insurance" benefit plan does not yet exist. Creating.
"The Guardian Life Insurance" account benefit plan does not yet exist. Creating.
"The Guardian Long Term Disability" benefit plan does not yet exist. Creating.
"The Guardian Long Term Disability" account benefit plan does not yet exist. Creating.
"TransAmerica 401k" benefit plan does not yet exist. Creating.
"TransAmerica 401k" account benefit plan does not yet exist. Creating.
"Aetna PPO" benefit plan does not yet exist. Creating.
"Aetna PPO" account benefit plan does not yet exist. Creating.
"Kaiser Silver Grandfather" benefit plan does not yet exist. Creating.
"Kaiser Silver Grandfather" account benefit plan does not yet exist. Creating.
Creating memberships.
Creating attachments.
bash-3.2$ rails s
=> Booting Puma
=> Rails 4.2.4 application starting in development on http://localhost:3000
=> Run `rails server -h` for more startup options
=> Ctrl-C to shutdown server
A server is already running. Check /Users/allen/projects/congo-api/tmp/pids/server.pid.
Exiting
bash-3.2$ cd Projects
bash: cd: Projects: No such file or directory
bash-3.2$ cd ..
bash-3.2$ cd Projects[K[K[K[K[K[K[K[K[K[K[Krails init adminio2
Usage:
  rails new APP_PATH [options]

Options:
  -r, [--ruby=PATH]                                      # Path to the Ruby binary of your choice
                                                         # Default: /Users/allen/.rbenv/versions/2.2.3/bin/ruby
  -m, [--template=TEMPLATE]                              # Path to some application template (can be a filesystem path or URL)
      [--skip-gemfile], [--no-skip-gemfile]              # Don't create a Gemfile
  -B, [--skip-bundle], [--no-skip-bundle]                # Don't run bundle install
  -G, [--skip-git], [--no-skip-git]                      # Skip .gitignore file
      [--skip-keeps], [--no-skip-keeps]                  # Skip source control .keep files
  -O, [--skip-active-record], [--no-skip-active-record]  # Skip Active Record files
  -S, [--skip-sprockets], [--no-skip-sprockets]          # Skip Sprockets files
      [--skip-spring], [--no-skip-spring]                # Don't install Spring application preloader
  -d, [--database=DATABASE]                              # Preconfigure for selected database (options: mysql/oracle/postgresql/sqlite3/frontbase/ibm_db/sqlserver/jdbcmysql/jdbcsqlite3/jdbcpostgresql/jdbc)
                                                         # Default: sqlite3
  -j, [--javascript=JAVASCRIPT]                          # Preconfigure for selected JavaScript library
                                                         # Default: jquery
  -J, [--skip-javascript], [--no-skip-javascript]        # Skip JavaScript files
      [--dev], [--no-dev]                                # Setup the application with Gemfile pointing to your Rails checkout
      [--edge], [--no-edge]                              # Setup the application with Gemfile pointing to Rails repository
      [--skip-turbolinks], [--no-skip-turbolinks]        # Skip turbolinks gem
  -T, [--skip-test-unit], [--no-skip-test-unit]          # Skip Test::Unit files
      [--rc=RC]                                          # Path to file containing extra configuration options for rails command
      [--no-rc], [--no-no-rc]                            # Skip loading of extra configuration options from .railsrc file

Runtime options:
  -f, [--force]                    # Overwrite files that already exist
  -p, [--pretend], [--no-pretend]  # Run but do not make any changes
  -q, [--quiet], [--no-quiet]      # Suppress status output
  -s, [--skip], [--no-skip]        # Skip files that already exist

Rails options:
  -h, [--help], [--no-help]        # Show this help message and quit
  -v, [--version], [--no-version]  # Show Rails version number and quit

Description:
    The 'rails new' command creates a new Rails application with a default
    directory structure and configuration at the path you specify.

    You can specify extra command-line arguments to be used every time
    'rails new' runs in the .railsrc configuration file in your home directory.

    Note that the arguments specified in the .railsrc file don't affect the
    defaults values shown above in this help message.

Example:
    rails new ~/Code/Ruby/weblog

    This generates a skeletal Rails installation in ~/Code/Ruby/weblog.
    See the README in the newly created application to get going.
bash-3.2$ rails init adminio2[K[K[K[K[K[K[K[K[K[K[K[K[Knew adminio2
[1m[32m      create[0m  
[1m[32m      create[0m  README.rdoc
[1m[32m      create[0m  Rakefile
[1m[32m      create[0m  config.ru
[1m[32m      create[0m  .gitignore
[1m[32m      create[0m  Gemfile
[1m[32m      create[0m  app
[1m[32m      create[0m  app/assets/javascripts/application.js
[1m[32m      create[0m  app/assets/stylesheets/application.css
[1m[32m      create[0m  app/controllers/application_controller.rb
[1m[32m      create[0m  app/helpers/application_helper.rb
[1m[32m      create[0m  app/views/layouts/application.html.erb
[1m[32m      create[0m  app/assets/images/.keep
[1m[32m      create[0m  app/mailers/.keep
[1m[32m      create[0m  app/models/.keep
[1m[32m      create[0m  app/controllers/concerns/.keep
[1m[32m      create[0m  app/models/concerns/.keep
[1m[32m      create[0m  bin
[1m[32m      create[0m  bin/bundle
[1m[32m      create[0m  bin/rails
[1m[32m      create[0m  bin/rake
[1m[32m      create[0m  bin/setup
[1m[32m      create[0m  config
[1m[32m      create[0m  config/routes.rb
[1m[32m      create[0m  config/application.rb
[1m[32m      create[0m  config/environment.rb
[1m[32m      create[0m  config/secrets.yml
[1m[32m      create[0m  config/environments
[1m[32m      create[0m  config/environments/development.rb
[1m[32m      create[0m  config/environments/production.rb
[1m[32m      create[0m  config/environments/test.rb
[1m[32m      create[0m  config/initializers
[1m[32m      create[0m  config/initializers/assets.rb
[1m[32m      create[0m  config/initializers/backtrace_silencers.rb
[1m[32m      create[0m  config/initializers/cookies_serializer.rb
[1m[32m      create[0m  config/initializers/filter_parameter_logging.rb
[1m[32m      create[0m  config/initializers/inflections.rb
[1m[32m      create[0m  config/initializers/mime_types.rb
[1m[32m      create[0m  config/initializers/session_store.rb
[1m[32m      create[0m  config/initializers/wrap_parameters.rb
[1m[32m      create[0m  config/locales
[1m[32m      create[0m  config/locales/en.yml
[1m[32m      create[0m  config/boot.rb
[1m[32m      create[0m  config/database.yml
[1m[32m      create[0m  db
[1m[32m      create[0m  db/seeds.rb
[1m[32m      create[0m  lib
[1m[32m      create[0m  lib/tasks
[1m[32m      create[0m  lib/tasks/.keep
[1m[32m      create[0m  lib/assets
[1m[32m      create[0m  lib/assets/.keep
[1m[32m      create[0m  log
[1m[32m      create[0m  log/.keep
[1m[32m      create[0m  public
[1m[32m      create[0m  public/404.html
[1m[32m      create[0m  public/422.html
[1m[32m      create[0m  public/500.html
[1m[32m      create[0m  public/favicon.ico
[1m[32m      create[0m  public/robots.txt
[1m[32m      create[0m  test/fixtures
[1m[32m      create[0m  test/fixtures/.keep
[1m[32m      create[0m  test/controllers
[1m[32m      create[0m  test/controllers/.keep
[1m[32m      create[0m  test/mailers
[1m[32m      create[0m  test/mailers/.keep
[1m[32m      create[0m  test/models
[1m[32m      create[0m  test/models/.keep
[1m[32m      create[0m  test/helpers
[1m[32m      create[0m  test/helpers/.keep
[1m[32m      create[0m  test/integration
[1m[32m      create[0m  test/integration/.keep
[1m[32m      create[0m  test/test_helper.rb
[1m[32m      create[0m  tmp/cache
[1m[32m      create[0m  tmp/cache/assets
[1m[32m      create[0m  vendor/assets/javascripts
[1m[32m      create[0m  vendor/assets/javascripts/.keep
[1m[32m      create[0m  vendor/assets/stylesheets
[1m[32m      create[0m  vendor/assets/stylesheets/.keep
[1m[32m         run[0m  bundle install
Fetching gem metadata from https://rubygems.org/............
Fetching version metadata from https://rubygems.org/...
Fetching dependency metadata from https://rubygems.org/..
Resolving dependencies.....
Using rake 10.4.2
Using i18n 0.7.0
Installing json 1.8.3 with native extensions
Installing minitest 5.8.2
Using thread_safe 0.3.5
Using tzinfo 1.2.2
Using activesupport 4.2.4
Using builder 3.2.2
Using erubis 2.7.0
Using mini_portile 0.6.2
Using nokogiri 1.6.6.2
Using rails-deprecated_sanitizer 1.0.3
Using rails-dom-testing 1.0.7
Using loofah 2.0.3
Using rails-html-sanitizer 1.0.2
Using actionview 4.2.4
Using rack 1.6.4
Using rack-test 0.6.3
Using actionpack 4.2.4
Using globalid 0.3.6
Using activejob 4.2.4
Using mime-types 2.6.2
Using mail 2.6.3
Using actionmailer 4.2.4
Using activemodel 4.2.4
Using arel 6.0.3
Using activerecord 4.2.4
Installing debug_inspector 0.0.2 with native extensions
Installing binding_of_caller 0.7.2 with native extensions
Using bundler 1.10.6
Installing byebug 8.2.0 with native extensions
Installing coffee-script-source 1.10.0
Installing execjs 2.6.0
Using coffee-script 2.4.1
Using thor 0.19.1
Using railties 4.2.4
Installing coffee-rails 4.1.0
Installing multi_json 1.11.2
Installing jbuilder 2.3.2
Installing jquery-rails 4.0.5
Using sprockets 3.4.0
Using sprockets-rails 2.3.3
Using rails 4.2.4
Using rdoc 4.2.0
Using sass 3.4.19
Using tilt 2.0.1
Using sass-rails 5.0.4
Using sdoc 0.4.1
Installing spring 1.4.1
Installing sqlite3 1.3.11 with native extensions
Installing turbolinks 2.5.3
Installing uglifier 2.7.2
Installing web-console 2.2.1
Bundle complete! 12 Gemfile dependencies, 53 gems now installed.
Use `bundle show [gemname]` to see where a bundled gem is installed.
[1m[32m         run[0m  bundle exec spring binstub --all
* bin/rake: spring inserted
* bin/rails: spring inserted
bash-3.2$ rails new adminio2[1@init[C[C[C[C[C[C[C[C[C[C[C[C[C[C[C[C[C[C[Ccd ..[KProjects[4Prails ssh script/bootstrap /bootstrap[C[C[C[C[C[C[C[C[C[C[C[3P[C[C[C[C[C[C[C[C[C[C[C[C[C[C[C[C[C[C[C[C[C[C[C[C[C[Cvi ~/.ssh/id_rsa.pub[C[C[C[C[C[C[C[C[C[Cjuiw[K[K[K[K[Kls
adminio2	congo-api
bash-3.2$ cd adminio2
bash-3.2$ rbenv list
rbenv: no such command `list'
bash-3.2$ rbenv list-list
rbenv: no such command `-list'
bash-3.2$ rbenv -list[K[K[K[K[Khelp
Usage: rbenv <command> [<args>]

Some useful rbenv commands are:
   commands    List all available rbenv commands
   local       Set or show the local application-specific Ruby version
   global      Set or show the global Ruby version
   shell       Set or show the shell-specific Ruby version
   install     Install a Ruby version using ruby-build
   uninstall   Uninstall a specific Ruby version
   rehash      Rehash rbenv shims (run this after installing executables)
   version     Show the current Ruby version and its origin
   versions    List all Ruby versions available to rbenv
   which       Display the full path to an executable
   whence      List all Ruby versions that contain the given executable

See `rbenv help <command>' for information on a specific command.
For full documentation, see: https://github.com/sstephenson/rbenv#readme
bash-3.2$ rbenv help[K[K[K[Kversions
  system
* 2.2.3 (set by /Users/allen/.rbenv/version)
bash-3.2$ bundle insta;;[K[Kll
[31m
[!] There was an error parsing `Gemfile`: You cannot specify the same gem twice with different version requirements.
You specified: sass-rails (~> 5.0) and sass-rails (>= 0). Bundler cannot continue.

 #  from /Users/allen/projects/adminio2/Gemfile:33
 #  -------------------------------------------
 #  gem 'activeadmin'
 >    gem 'sass-rails'
 #    gem "meta_search", '>= 1.1.0.pre'
 #  -------------------------------------------
[0mbash-3.2$ bundle install
Fetching gem metadata from https://rubygems.org/............
Fetching version metadata from https://rubygems.org/...
Fetching dependency metadata from https://rubygems.org/..
Resolving dependencies...
[31mYour Gemfile requires gems that depend on each other, creating an infinite loop.
Please remove gem 'meta_search' and try again.[0m
bash-3.2$ bundle install
Fetching gem metadata from https://rubygems.org/............
Fetching version metadata from https://rubygems.org/...
Fetching dependency metadata from https://rubygems.org/..
Resolving dependencies....
[31mYour Gemfile requires gems that depend on each other, creating an infinite loop.
Please remove gem 'meta_search' and try again.[0m
bash-3.2$ bundle install
Using rake 10.4.2
Using i18n 0.7.0
Using json 1.8.3
Using minitest 5.8.2
Using thread_safe 0.3.5
Using tzinfo 1.2.2
Using activesupport 4.2.4
Using builder 3.2.2
Using erubis 2.7.0
Using mini_portile 0.6.2
Using nokogiri 1.6.6.2
Using rails-deprecated_sanitizer 1.0.3
Using rails-dom-testing 1.0.7
Using loofah 2.0.3
Using rails-html-sanitizer 1.0.2
Using actionview 4.2.4
Using rack 1.6.4
Using rack-test 0.6.3
Using actionpack 4.2.4
Using globalid 0.3.6
Using activejob 4.2.4
Using mime-types 2.6.2
Using mail 2.6.3
Using actionmailer 4.2.4
Using activemodel 4.2.4
Using arel 6.0.3
Using activerecord 4.2.4
Using debug_inspector 0.0.2
Using binding_of_caller 0.7.2
Using byebug 8.2.0
Using coffee-script-source 1.10.0
Using execjs 2.6.0
Using coffee-script 2.4.1
Using thor 0.19.1
Using railties 4.2.4
Using coffee-rails 4.1.0
Using multi_json 1.11.2
Using jbuilder 2.3.2
Using jquery-rails 4.0.5
Using bundler 1.10.6
Using sprockets 3.4.0
Using sprockets-rails 2.3.3
Using rails 4.2.4
Using rdoc 4.2.0
Using sass 3.4.19
Using tilt 2.0.1
Using sass-rails 5.0.4
Using sdoc 0.4.1
Using spring 1.4.1
Using sqlite3 1.3.11
Using turbolinks 2.5.3
Using uglifier 2.7.2
Using web-console 2.2.1
[32mBundle complete! 12 Gemfile dependencies, 53 gems now installed.[0m
[32mUse `bundle show [gemname]` to see where a bundled gem is installed.[0m
bash-3.2$ rails s
=> Booting WEBrick
=> Rails 4.2.4 application starting in development on http://localhost:3000
=> Run `rails server -h` for more startup options
=> Ctrl-C to shutdown server
[2015-11-15 11:34:47] INFO  WEBrick 1.3.1
[2015-11-15 11:34:47] INFO  ruby 2.2.3 (2015-08-18) [x86_64-darwin14]
[2015-11-15 11:34:47] INFO  WEBrick::HTTPServer#start: pid=44340 port=3000


Started GET "/" for ::1 at 2015-11-15 11:34:52 -0800
Processing by Rails::WelcomeController#index as HTML
  Rendered /Users/allen/.rbenv/versions/2.2.3/lib/ruby/gems/2.2.0/gems/railties-4.2.4/lib/rails/templates/rails/welcome/index.html.erb (2.7ms)
Completed 200 OK in 25ms (Views: 15.3ms | ActiveRecord: 0.0ms)


Started GET "/" for ::1 at 2015-11-15 11:34:57 -0800
Processing by Rails::WelcomeController#index as HTML
  Rendered /Users/allen/.rbenv/versions/2.2.3/lib/ruby/gems/2.2.0/gems/railties-4.2.4/lib/rails/templates/rails/welcome/index.html.erb (0.0ms)
Completed 200 OK in 2ms (Views: 1.8ms | ActiveRecord: 0.0ms)
^C[2015-11-15 11:35:26] INFO  going to shutdown ...
[2015-11-15 11:35:27] INFO  WEBrick::HTTPServer#start done.
Exiting
bash-3.2$ gem install activeadmin
Fetching: tilt-1.4.1.gemFetching: tilt-1.4.1.gem ( 37%)Fetching: tilt-1.4.1.gem ( 76%)Fetching: tilt-1.4.1.gem (100%)Fetching: tilt-1.4.1.gem (100%)
Successfully installed tilt-1.4.1
Fetching: rack-1.4.7.gemFetching: rack-1.4.7.gem (  8%)Fetching: rack-1.4.7.gem ( 16%)Fetching: rack-1.4.7.gem ( 24%)Fetching: rack-1.4.7.gem ( 32%)Fetching: rack-1.4.7.gem ( 40%)Fetching: rack-1.4.7.gem ( 48%)Fetching: rack-1.4.7.gem ( 56%)Fetching: rack-1.4.7.gem ( 64%)Fetching: rack-1.4.7.gem ( 72%)Fetching: rack-1.4.7.gem ( 80%)Fetching: rack-1.4.7.gem ( 88%)Fetching: rack-1.4.7.gem ( 96%)Fetching: rack-1.4.7.gem (100%)Fetching: rack-1.4.7.gem (100%)
Successfully installed rack-1.4.7
Fetching: hike-1.2.3.gemFetching: hike-1.2.3.gem (100%)Fetching: hike-1.2.3.gem (100%)
Successfully installed hike-1.2.3
Fetching: sprockets-2.2.3.gemFetching: sprockets-2.2.3.gem ( 42%)Fetching: sprockets-2.2.3.gem ( 86%)Fetching: sprockets-2.2.3.gem (100%)Fetching: sprockets-2.2.3.gem (100%)
Successfully installed sprockets-2.2.3
Fetching: journey-1.0.4.gemFetching: journey-1.0.4.gem ( 55%)Fetching: journey-1.0.4.gem (100%)Fetching: journey-1.0.4.gem (100%)
Successfully installed journey-1.0.4
Fetching: builder-3.0.4.gemFetching: builder-3.0.4.gem ( 60%)Fetching: builder-3.0.4.gem (100%)Fetching: builder-3.0.4.gem (100%)
Successfully installed builder-3.0.4
Fetching: rack-cache-1.5.1.gemFetching: rack-cache-1.5.1.gem ( 58%)Fetching: rack-cache-1.5.1.gem (100%)Fetching: rack-cache-1.5.1.gem (100%)
Successfully installed rack-cache-1.5.1
Fetching: activesupport-3.2.22.gemFetching: activesupport-3.2.22.gem (  6%)Fetching: activesupport-3.2.22.gem ( 12%)Fetching: activesupport-3.2.22.gem ( 17%)Fetching: activesupport-3.2.22.gem ( 23%)Fetching: activesupport-3.2.22.gem ( 29%)Fetching: activesupport-3.2.22.gem ( 34%)Fetching: activesupport-3.2.22.gem ( 40%)Fetching: activesupport-3.2.22.gem ( 46%)Fetching: activesupport-3.2.22.gem ( 51%)Fetching: activesupport-3.2.22.gem ( 57%)Fetching: activesupport-3.2.22.gem ( 63%)Fetching: activesupport-3.2.22.gem ( 68%)Fetching: activesupport-3.2.22.gem ( 74%)Fetching: activesupport-3.2.22.gem ( 79%)Fetching: activesupport-3.2.22.gem ( 85%)Fetching: activesupport-3.2.22.gem ( 91%)Fetching: activesupport-3.2.22.gem ( 96%)Fetching: activesupport-3.2.22.gem (100%)Fetching: activesupport-3.2.22.gem (100%)
Successfully installed activesupport-3.2.22
Fetching: activemodel-3.2.22.gemFetching: activemodel-3.2.22.gem ( 36%)Fetching: activemodel-3.2.22.gem ( 73%)Fetching: activemodel-3.2.22.gem (100%)Fetching: activemodel-3.2.22.gem (100%)
Successfully installed activemodel-3.2.22
Fetching: actionpack-3.2.22.gemFetching: actionpack-3.2.22.gem (  6%)Fetching: actionpack-3.2.22.gem ( 11%)Fetching: actionpack-3.2.22.gem ( 17%)Fetching: actionpack-3.2.22.gem ( 23%)Fetching: actionpack-3.2.22.gem ( 28%)Fetching: actionpack-3.2.22.gem ( 34%)Fetching: actionpack-3.2.22.gem ( 40%)Fetching: actionpack-3.2.22.gem ( 45%)Fetching: actionpack-3.2.22.gem ( 51%)Fetching: actionpack-3.2.22.gem ( 56%)Fetching: actionpack-3.2.22.gem ( 62%)Fetching: actionpack-3.2.22.gem ( 68%)Fetching: actionpack-3.2.22.gem ( 73%)Fetching: actionpack-3.2.22.gem ( 79%)Fetching: actionpack-3.2.22.gem ( 85%)Fetching: actionpack-3.2.22.gem ( 90%)Fetching: actionpack-3.2.22.gem ( 96%)Fetching: actionpack-3.2.22.gem (100%)Fetching: actionpack-3.2.22.gem (100%)
Successfully installed actionpack-3.2.22
Fetching: rdoc-3.12.2.gemFetching: rdoc-3.12.2.gem (  5%)Fetching: rdoc-3.12.2.gem ( 10%)Fetching: rdoc-3.12.2.gem ( 15%)Fetching: rdoc-3.12.2.gem ( 20%)Fetching: rdoc-3.12.2.gem ( 25%)Fetching: rdoc-3.12.2.gem ( 30%)Fetching: rdoc-3.12.2.gem ( 35%)Fetching: rdoc-3.12.2.gem ( 40%)Fetching: rdoc-3.12.2.gem ( 45%)Fetching: rdoc-3.12.2.gem ( 50%)Fetching: rdoc-3.12.2.gem ( 56%)Fetching: rdoc-3.12.2.gem ( 61%)Fetching: rdoc-3.12.2.gem ( 66%)Fetching: rdoc-3.12.2.gem ( 71%)Fetching: rdoc-3.12.2.gem ( 76%)Fetching: rdoc-3.12.2.gem ( 81%)Fetching: rdoc-3.12.2.gem ( 86%)Fetching: rdoc-3.12.2.gem ( 91%)Fetching: rdoc-3.12.2.gem ( 96%)Fetching: rdoc-3.12.2.gem (100%)Fetching: rdoc-3.12.2.gem (100%)
rdoc's executable "rdoc" conflicts with /Users/allen/.rbenv/versions/2.2.3/bin/rdoc
Overwrite the executable? [yN]  y
rdoc's executable "ri" conflicts with /Users/allen/.rbenv/versions/2.2.3/bin/ri
Overwrite the executable? [yN]  y
Depending on your version of ruby, you may need to install ruby rdoc/ri data:

<= 1.8.6 : unsupported
 = 1.8.7 : gem install rdoc-data; rdoc-data --install
 = 1.9.1 : gem install rdoc-data; rdoc-data --install
>= 1.9.2 : nothing to do! Yay!
Successfully installed rdoc-3.12.2
Fetching: rack-ssl-1.3.4.gemFetching: rack-ssl-1.3.4.gem (100%)Fetching: rack-ssl-1.3.4.gem (100%)
Successfully installed rack-ssl-1.3.4
Fetching: railties-3.2.22.gemFetching: railties-3.2.22.gem (  1%)Fetching: railties-3.2.22.gem (  3%)Fetching: railties-3.2.22.gem (  4%)Fetching: railties-3.2.22.gem (  5%)Fetching: railties-3.2.22.gem (  6%)Fetching: railties-3.2.22.gem (  7%)Fetching: railties-3.2.22.gem (  8%)Fetching: railties-3.2.22.gem (  9%)Fetching: railties-3.2.22.gem ( 10%)Fetching: railties-3.2.22.gem ( 11%)Fetching: railties-3.2.22.gem ( 12%)Fetching: railties-3.2.22.gem ( 13%)Fetching: railties-3.2.22.gem ( 14%)Fetching: railties-3.2.22.gem ( 15%)Fetching: railties-3.2.22.gem ( 16%)Fetching: railties-3.2.22.gem ( 17%)Fetching: railties-3.2.22.gem ( 18%)Fetching: railties-3.2.22.gem ( 19%)Fetching: railties-3.2.22.gem ( 20%)Fetching: railties-3.2.22.gem ( 21%)Fetching: railties-3.2.22.gem ( 22%)Fetching: railties-3.2.22.gem ( 23%)Fetching: railties-3.2.22.gem ( 24%)Fetching: railties-3.2.22.gem ( 25%)Fetching: railties-3.2.22.gem ( 26%)Fetching: railties-3.2.22.gem ( 27%)Fetching: railties-3.2.22.gem ( 28%)Fetching: railties-3.2.22.gem ( 29%)Fetching: railties-3.2.22.gem ( 30%)Fetching: railties-3.2.22.gem ( 31%)Fetching: railties-3.2.22.gem ( 32%)Fetching: railties-3.2.22.gem ( 33%)Fetching: railties-3.2.22.gem ( 34%)Fetching: railties-3.2.22.gem ( 36%)Fetching: railties-3.2.22.gem ( 37%)Fetching: railties-3.2.22.gem ( 38%)Fetching: railties-3.2.22.gem ( 39%)Fetching: railties-3.2.22.gem ( 40%)Fetching: railties-3.2.22.gem ( 41%)Fetching: railties-3.2.22.gem ( 42%)Fetching: railties-3.2.22.gem ( 43%)Fetching: railties-3.2.22.gem ( 44%)Fetching: railties-3.2.22.gem ( 45%)Fetching: railties-3.2.22.gem ( 46%)Fetching: railties-3.2.22.gem ( 47%)Fetching: railties-3.2.22.gem ( 48%)Fetching: railties-3.2.22.gem ( 49%)Fetching: railties-3.2.22.gem ( 50%)Fetching: railties-3.2.22.gem ( 51%)Fetching: railties-3.2.22.gem ( 52%)Fetching: railties-3.2.22.gem ( 53%)Fetching: railties-3.2.22.gem ( 54%)Fetching: railties-3.2.22.gem ( 55%)Fetching: railties-3.2.22.gem ( 56%)Fetching: railties-3.2.22.gem ( 57%)Fetching: railties-3.2.22.gem ( 58%)Fetching: railties-3.2.22.gem ( 59%)Fetching: railties-3.2.22.gem ( 60%)Fetching: railties-3.2.22.gem ( 61%)Fetching: railties-3.2.22.gem ( 62%)Fetching: railties-3.2.22.gem ( 63%)Fetching: railties-3.2.22.gem ( 64%)Fetching: railties-3.2.22.gem ( 65%)Fetching: railties-3.2.22.gem ( 66%)Fetching: railties-3.2.22.gem ( 67%)Fetching: railties-3.2.22.gem ( 69%)Fetching: railties-3.2.22.gem ( 70%)Fetching: railties-3.2.22.gem ( 71%)Fetching: railties-3.2.22.gem ( 72%)Fetching: railties-3.2.22.gem ( 73%)Fetching: railties-3.2.22.gem ( 74%)Fetching: railties-3.2.22.gem ( 75%)Fetching: railties-3.2.22.gem ( 76%)Fetching: railties-3.2.22.gem ( 77%)Fetching: railties-3.2.22.gem ( 78%)Fetching: railties-3.2.22.gem ( 79%)Fetching: railties-3.2.22.gem ( 80%)Fetching: railties-3.2.22.gem ( 81%)Fetching: railties-3.2.22.gem ( 82%)Fetching: railties-3.2.22.gem ( 83%)Fetching: railties-3.2.22.gem ( 84%)Fetching: railties-3.2.22.gem ( 85%)Fetching: railties-3.2.22.gem ( 86%)Fetching: railties-3.2.22.gem ( 87%)Fetching: railties-3.2.22.gem ( 88%)Fetching: railties-3.2.22.gem ( 89%)Fetching: railties-3.2.22.gem ( 90%)Fetching: railties-3.2.22.gem ( 91%)Fetching: railties-3.2.22.gem ( 92%)Fetching: railties-3.2.22.gem ( 93%)Fetching: railties-3.2.22.gem ( 94%)Fetching: railties-3.2.22.gem ( 95%)Fetching: railties-3.2.22.gem ( 96%)Fetching: railties-3.2.22.gem ( 97%)Fetching: railties-3.2.22.gem ( 98%)Fetching: railties-3.2.22.gem ( 99%)Fetching: railties-3.2.22.gem (100%)Fetching: railties-3.2.22.gem (100%)
Successfully installed railties-3.2.22
Fetching: mime-types-1.25.1.gemFetching: mime-types-1.25.1.gem ( 26%)Fetching: mime-types-1.25.1.gem ( 53%)Fetching: mime-types-1.25.1.gem ( 79%)Fetching: mime-types-1.25.1.gem (100%)Fetching: mime-types-1.25.1.gem (100%)
Successfully installed mime-types-1.25.1
Fetching: polyglot-0.3.5.gemFetching: polyglot-0.3.5.gem (100%)Fetching: polyglot-0.3.5.gem (100%)
Successfully installed polyglot-0.3.5
Fetching: treetop-1.4.15.gemFetching: treetop-1.4.15.gem ( 20%)Fetching: treetop-1.4.15.gem ( 41%)Fetching: treetop-1.4.15.gem ( 62%)Fetching: treetop-1.4.15.gem ( 83%)Fetching: treetop-1.4.15.gem (100%)Fetching: treetop-1.4.15.gem (100%)
Successfully installed treetop-1.4.15
Fetching: mail-2.5.4.gemFetching: mail-2.5.4.gem (  6%)Fetching: mail-2.5.4.gem ( 12%)Fetching: mail-2.5.4.gem ( 18%)Fetching: mail-2.5.4.gem ( 24%)Fetching: mail-2.5.4.gem ( 30%)Fetching: mail-2.5.4.gem ( 36%)Fetching: mail-2.5.4.gem ( 42%)Fetching: mail-2.5.4.gem ( 48%)Fetching: mail-2.5.4.gem ( 54%)Fetching: mail-2.5.4.gem ( 60%)Fetching: mail-2.5.4.gem ( 66%)Fetching: mail-2.5.4.gem ( 72%)Fetching: mail-2.5.4.gem ( 78%)Fetching: mail-2.5.4.gem ( 84%)Fetching: mail-2.5.4.gem ( 90%)Fetching: mail-2.5.4.gem ( 96%)Fetching: mail-2.5.4.gem (100%)Fetching: mail-2.5.4.gem (100%)
Successfully installed mail-2.5.4
Fetching: actionmailer-3.2.22.gemFetching: actionmailer-3.2.22.gem ( 73%)Fetching: actionmailer-3.2.22.gem (100%)Fetching: actionmailer-3.2.22.gem (100%)
Successfully installed actionmailer-3.2.22
Fetching: activeresource-3.2.22.gemFetching: activeresource-3.2.22.gem ( 42%)Fetching: activeresource-3.2.22.gem ( 86%)Fetching: activeresource-3.2.22.gem (100%)Fetching: activeresource-3.2.22.gem (100%)
Successfully installed activeresource-3.2.22
Fetching: tzinfo-0.3.45.gemFetching: tzinfo-0.3.45.gem (  6%)Fetching: tzinfo-0.3.45.gem ( 11%)Fetching: tzinfo-0.3.45.gem ( 17%)Fetching: tzinfo-0.3.45.gem ( 22%)Fetching: tzinfo-0.3.45.gem ( 28%)Fetching: tzinfo-0.3.45.gem ( 33%)Fetching: tzinfo-0.3.45.gem ( 39%)Fetching: tzinfo-0.3.45.gem ( 44%)Fetching: tzinfo-0.3.45.gem ( 50%)Fetching: tzinfo-0.3.45.gem ( 55%)Fetching: tzinfo-0.3.45.gem ( 60%)Fetching: tzinfo-0.3.45.gem ( 66%)Fetching: tzinfo-0.3.45.gem ( 71%)Fetching: tzinfo-0.3.45.gem ( 77%)Fetching: tzinfo-0.3.45.gem ( 82%)Fetching: tzinfo-0.3.45.gem ( 88%)Fetching: tzinfo-0.3.45.gem ( 93%)Fetching: tzinfo-0.3.45.gem ( 99%)Fetching: tzinfo-0.3.45.gem (100%)Fetching: tzinfo-0.3.45.gem (100%)
Successfully installed tzinfo-0.3.45
Fetching: arel-3.0.3.gemFetching: arel-3.0.3.gem ( 33%)Fetching: arel-3.0.3.gem ( 67%)Fetching: arel-3.0.3.gem (100%)Fetching: arel-3.0.3.gem (100%)
Successfully installed arel-3.0.3
Fetching: activerecord-3.2.22.gemFetching: activerecord-3.2.22.gem (  6%)Fetching: activerecord-3.2.22.gem ( 11%)Fetching: activerecord-3.2.22.gem ( 17%)Fetching: activerecord-3.2.22.gem ( 22%)Fetching: activerecord-3.2.22.gem ( 28%)Fetching: activerecord-3.2.22.gem ( 33%)Fetching: activerecord-3.2.22.gem ( 39%)Fetching: activerecord-3.2.22.gem ( 44%)Fetching: activerecord-3.2.22.gem ( 50%)Fetching: activerecord-3.2.22.gem ( 55%)Fetching: activerecord-3.2.22.gem ( 61%)Fetching: activerecord-3.2.22.gem ( 67%)Fetching: activerecord-3.2.22.gem ( 72%)Fetching: activerecord-3.2.22.gem ( 78%)Fetching: activerecord-3.2.22.gem ( 83%)Fetching: activerecord-3.2.22.gem ( 89%)Fetching: activerecord-3.2.22.gem ( 94%)Fetching: activerecord-3.2.22.gem (100%)Fetching: activerecord-3.2.22.gem (100%)
Successfully installed activerecord-3.2.22
Fetching: rails-3.2.22.gemFetching: rails-3.2.22.gem (100%)Fetching: rails-3.2.22.gem (100%)
Successfully installed rails-3.2.22
Fetching: polyamorous-0.5.0.gemFetching: polyamorous-0.5.0.gem (100%)Fetching: polyamorous-0.5.0.gem (100%)
Successfully installed polyamorous-0.5.0
Fetching: meta_search-1.1.3.gemFetching: meta_search-1.1.3.gem ( 38%)Fetching: meta_search-1.1.3.gem ( 78%)Fetching: meta_search-1.1.3.gem (100%)Fetching: meta_search-1.1.3.gem (100%)

*** Thanks for installing MetaSearch! ***
Be sure to check out http://metautonomo.us/projects/metasearch/ for a
walkthrough of MetaSearch's features, and click the donate button if
you're feeling especially appreciative. It'd help me justify this
"open source" stuff to my lovely wife. :)

Successfully installed meta_search-1.1.3
Fetching: jquery-rails-2.3.0.gemFetching: jquery-rails-2.3.0.gem (  5%)Fetching: jquery-rails-2.3.0.gem ( 10%)Fetching: jquery-rails-2.3.0.gem ( 14%)Fetching: jquery-rails-2.3.0.gem ( 19%)Fetching: jquery-rails-2.3.0.gem ( 23%)Fetching: jquery-rails-2.3.0.gem ( 28%)Fetching: jquery-rails-2.3.0.gem ( 33%)Fetching: jquery-rails-2.3.0.gem ( 37%)Fetching: jquery-rails-2.3.0.gem ( 42%)Fetching: jquery-rails-2.3.0.gem ( 47%)Fetching: jquery-rails-2.3.0.gem ( 51%)Fetching: jquery-rails-2.3.0.gem ( 56%)Fetching: jquery-rails-2.3.0.gem ( 61%)Fetching: jquery-rails-2.3.0.gem ( 65%)Fetching: jquery-rails-2.3.0.gem ( 70%)Fetching: jquery-rails-2.3.0.gem ( 74%)Fetching: jquery-rails-2.3.0.gem ( 79%)Fetching: jquery-rails-2.3.0.gem ( 84%)Fetching: jquery-rails-2.3.0.gem ( 88%)Fetching: jquery-rails-2.3.0.gem ( 93%)Fetching: jquery-rails-2.3.0.gem ( 98%)Fetching: jquery-rails-2.3.0.gem (100%)Fetching: jquery-rails-2.3.0.gem (100%)
Successfully installed jquery-rails-2.3.0
Fetching: has_scope-0.6.0.gemFetching: has_scope-0.6.0.gem (100%)Fetching: has_scope-0.6.0.gem (100%)
Successfully installed has_scope-0.6.0
Fetching: responders-1.1.2.gemFetching: responders-1.1.2.gem ( 95%)Fetching: responders-1.1.2.gem (100%)Fetching: responders-1.1.2.gem (100%)
Successfully installed responders-1.1.2
Fetching: inherited_resources-1.6.0.gemFetching: inherited_resources-1.6.0.gem ( 61%)Fetching: inherited_resources-1.6.0.gem (100%)Fetching: inherited_resources-1.6.0.gem (100%)
Successfully installed inherited_resources-1.6.0
Fetching: formtastic-2.3.1.gemFetching: formtastic-2.3.1.gem ( 13%)Fetching: formtastic-2.3.1.gem ( 26%)Fetching: formtastic-2.3.1.gem ( 39%)Fetching: formtastic-2.3.1.gem ( 52%)Fetching: formtastic-2.3.1.gem ( 65%)Fetching: formtastic-2.3.1.gem ( 78%)Fetching: formtastic-2.3.1.gem ( 91%)Fetching: formtastic-2.3.1.gem (100%)Fetching: formtastic-2.3.1.gem (100%)
Successfully installed formtastic-2.3.1
Fetching: orm_adapter-0.5.0.gemFetching: orm_adapter-0.5.0.gem (100%)Fetching: orm_adapter-0.5.0.gem (100%)
Successfully installed orm_adapter-0.5.0
Fetching: warden-1.2.3.gemFetching: warden-1.2.3.gem ( 51%)Fetching: warden-1.2.3.gem (100%)Fetching: warden-1.2.3.gem (100%)
Successfully installed warden-1.2.3
Fetching: devise-3.5.2.gemFetching: devise-3.5.2.gem ( 10%)Fetching: devise-3.5.2.gem ( 19%)Fetching: devise-3.5.2.gem ( 29%)Fetching: devise-3.5.2.gem ( 38%)Fetching: devise-3.5.2.gem ( 48%)Fetching: devise-3.5.2.gem ( 57%)Fetching: devise-3.5.2.gem ( 67%)Fetching: devise-3.5.2.gem ( 77%)Fetching: devise-3.5.2.gem ( 86%)Fetching: devise-3.5.2.gem ( 96%)Fetching: devise-3.5.2.gem (100%)Fetching: devise-3.5.2.gem (100%)
Successfully installed devise-3.5.2
Fetching: bourbon-3.2.4.gemFetching: bourbon-3.2.4.gem ( 33%)Fetching: bourbon-3.2.4.gem ( 68%)Fetching: bourbon-3.2.4.gem (100%)Fetching: bourbon-3.2.4.gem (100%)
Successfully installed bourbon-3.2.4
Fetching: arbre-1.0.3.gemFetching: arbre-1.0.3.gem ( 78%)Fetching: arbre-1.0.3.gem (100%)Fetching: arbre-1.0.3.gem (100%)
Successfully installed arbre-1.0.3
Fetching: activeadmin-0.6.6.gemFetching: activeadmin-0.6.6.gem (  5%)Fetching: activeadmin-0.6.6.gem ( 10%)Fetching: activeadmin-0.6.6.gem ( 16%)Fetching: activeadmin-0.6.6.gem ( 21%)Fetching: activeadmin-0.6.6.gem ( 26%)Fetching: activeadmin-0.6.6.gem ( 31%)Fetching: activeadmin-0.6.6.gem ( 36%)Fetching: activeadmin-0.6.6.gem ( 41%)Fetching: activeadmin-0.6.6.gem ( 46%)Fetching: activeadmin-0.6.6.gem ( 52%)Fetching: activeadmin-0.6.6.gem ( 57%)Fetching: activeadmin-0.6.6.gem ( 62%)Fetching: activeadmin-0.6.6.gem ( 67%)Fetching: activeadmin-0.6.6.gem ( 72%)Fetching: activeadmin-0.6.6.gem ( 77%)Fetching: activeadmin-0.6.6.gem ( 82%)Fetching: activeadmin-0.6.6.gem ( 87%)Fetching: activeadmin-0.6.6.gem ( 93%)Fetching: activeadmin-0.6.6.gem ( 98%)Fetching: activeadmin-0.6.6.gem (100%)Fetching: activeadmin-0.6.6.gem (100%)
Successfully installed activeadmin-0.6.6
Parsing documentation for tilt-1.4.1
Installing ri documentation for tilt-1.4.1
Parsing documentation for rack-1.4.7
Installing ri documentation for rack-1.4.7
Parsing documentation for hike-1.2.3
Installing ri documentation for hike-1.2.3
Parsing documentation for sprockets-2.2.3
Installing ri documentation for sprockets-2.2.3
Parsing documentation for journey-1.0.4
Installing ri documentation for journey-1.0.4
Parsing documentation for builder-3.0.4
/Users/allen/.rbenv/versions/2.2.3/lib/ruby/2.2.0/rdoc/parser.rb:87: warning: Unsupported encoding : ignored
/Users/allen/.rbenv/versions/2.2.3/lib/ruby/2.2.0/rdoc/parser.rb:87: warning: Unsupported encoding  ignored
/Users/allen/.rbenv/versions/2.2.3/lib/ruby/2.2.0/rdoc/parser.rb:87: warning: Unsupported encoding : ignored
/Users/allen/.rbenv/versions/2.2.3/lib/ruby/2.2.0/rdoc/parser.rb:87: warning: Unsupported encoding  ignored
Installing ri documentation for builder-3.0.4
Parsing documentation for rack-cache-1.5.1
Installing ri documentation for rack-cache-1.5.1
Parsing documentation for activesupport-3.2.22
Installing ri documentation for activesupport-3.2.22
Parsing documentation for activemodel-3.2.22
Installing ri documentation for activemodel-3.2.22
Parsing documentation for actionpack-3.2.22
Installing ri documentation for actionpack-3.2.22
Parsing documentation for rdoc-3.12.2
Installing ri documentation for rdoc-3.12.2
Parsing documentation for rack-ssl-1.3.4
Installing ri documentation for rack-ssl-1.3.4
Parsing documentation for railties-3.2.22
Installing ri documentation for railties-3.2.22
Parsing documentation for mime-types-1.25.1
Installing ri documentation for mime-types-1.25.1
Parsing documentation for polyglot-0.3.5
Installing ri documentation for polyglot-0.3.5
Parsing documentation for treetop-1.4.15
Installing ri documentation for treetop-1.4.15
Parsing documentation for mail-2.5.4
Installing ri documentation for mail-2.5.4
Parsing documentation for actionmailer-3.2.22
Installing ri documentation for actionmailer-3.2.22
Parsing documentation for activeresource-3.2.22
Installing ri documentation for activeresource-3.2.22
Parsing documentation for tzinfo-0.3.45
Installing ri documentation for tzinfo-0.3.45
Parsing documentation for arel-3.0.3
Installing ri documentation for arel-3.0.3
Parsing documentation for activerecord-3.2.22
Installing ri documentation for activerecord-3.2.22
Parsing documentation for rails-3.2.22
Installing ri documentation for rails-3.2.22
Parsing documentation for polyamorous-0.5.0
Installing ri documentation for polyamorous-0.5.0
Parsing documentation for meta_search-1.1.3
Installing ri documentation for meta_search-1.1.3
Parsing documentation for jquery-rails-2.3.0
Installing ri documentation for jquery-rails-2.3.0
Parsing documentation for has_scope-0.6.0
Installing ri documentation for has_scope-0.6.0
Parsing documentation for responders-1.1.2
Installing ri documentation for responders-1.1.2
Parsing documentation for inherited_resources-1.6.0
Installing ri documentation for inherited_resources-1.6.0
Parsing documentation for formtastic-2.3.1
Installing ri documentation for formtastic-2.3.1
Parsing documentation for orm_adapter-0.5.0
Installing ri documentation for orm_adapter-0.5.0
Parsing documentation for warden-1.2.3
Installing ri documentation for warden-1.2.3
Parsing documentation for devise-3.5.2
Installing ri documentation for devise-3.5.2
Parsing documentation for bourbon-3.2.4
Installing ri documentation for bourbon-3.2.4
Parsing documentation for arbre-1.0.3
Installing ri documentation for arbre-1.0.3
Parsing documentation for activeadmin-0.6.6
Installing ri documentation for activeadmin-0.6.6
Done installing documentation for tilt, rack, hike, sprockets, journey, builder, rack-cache, activesupport, activemodel, actionpack, rdoc, rack-ssl, railties, mime-types, polyglot, treetop, mail, actionmailer, activeresource, tzinfo, arel, activerecord, rails, polyamorous, meta_search, jquery-rails, has_scope, responders, inherited_resources, formtastic, orm_adapter, warden, devise, bourbon, arbre, activeadmin after 37 seconds
36 gems installed
bash-3.2$  rails generate active_admin:install 
Could not find generator 'active_admin:install'. Maybe you meant 'active_record:model', 'active_record:migration' or 'test_unit:model'
Run `rails generate --help` for more options.
bash-3.2$  rails generate active_admin:install [C[C[C[C[C[C[C[C[C[C[14Pgem install activeadmin
^CERROR:  Interrupted
bash-3.2$ gem install activeadmin[C[C[C[C[C[C[C[C[C[C rails generate active_admin:install [C[C[C[C[C[C[C[C[C[C[14Pgem install activeadmin[C[C[C[C[C[C[C[C[C[Crails s[Kbundle install
Fetching gem metadata from https://rubygems.org/............
Fetching version metadata from https://rubygems.org/...
Fetching dependency metadata from https://rubygems.org/..
Resolving dependencies....
[31mYour Gemfile requires gems that depend on each other, creating an infinite loop.
Please remove gem 'meta_search' and try again.[0m
bash-3.2$  rails generate active_admin:install 
[31mBundler could not find compatible versions for gem "rails":
  In snapshot (Gemfile.lock):
    rails (= 4.2.4)

  In Gemfile:
    activeadmin (>= 0) ruby depends on
      rails (< 4, >= 3.0.0) ruby

    rails (= 4.2.4) ruby

Running `bundle update` will rebuild your snapshot from scratch, using only
the gems in your Gemfile, which may resolve the conflict.
[0m
bash-3.2$  rails generate active_admin:install 
[31mBundler could not find compatible versions for gem "jquery-rails":
  In snapshot (Gemfile.lock):
    jquery-rails (= 4.0.5)

  In Gemfile:
    activeadmin (>= 0) ruby depends on
      jquery-rails (< 3, >= 1.0.0) ruby

    jquery-rails (>= 0) ruby

Running `bundle update` will rebuild your snapshot from scratch, using only
the gems in your Gemfile, which may resolve the conflict.
[0m
bash-3.2$  rails generate active_admin:install 
[31mBundler could not find compatible versions for gem "railties":
  In snapshot (Gemfile.lock):
    railties (= 4.2.4)

  In Gemfile:
    sass-rails (~> 5.0) ruby depends on
      railties (< 5.0, >= 4.0.0) ruby

    sass-rails (~> 5.0) ruby depends on
      railties (< 5.0, >= 4.0.0) ruby

    web-console (~> 2.0) ruby depends on
      railties (>= 4.0) ruby

    activeadmin (>= 0) ruby depends on
      inherited_resources (~> 1.3) ruby depends on
        railties (< 5, >= 3.2) ruby

    activeadmin (>= 0) ruby depends on
      inherited_resources (~> 1.3) ruby depends on
        responders (>= 0) ruby depends on
          railties (< 4.2, >= 3.2) ruby

Running `bundle update` will rebuild your snapshot from scratch, using only
the gems in your Gemfile, which may resolve the conflict.
[0m
bash-3.2$  rails generate active_admin:install 
[31mBundler could not find compatible versions for gem "actionpack":
  In snapshot (Gemfile.lock):
    actionpack (= 4.2.4)

  In Gemfile:
    activeadmin (>= 0) ruby depends on
      inherited_resources (~> 1.3) ruby depends on
        actionpack (< 5, >= 3.2) ruby

    sass-rails (~> 5.0) ruby depends on
      sprockets-rails (< 4.0, >= 2.0) ruby depends on
        actionpack (>= 3.0) ruby

    activeadmin (>= 0) ruby depends on
      inherited_resources (~> 1.3) ruby depends on
        actionpack (< 5, >= 3.2) ruby

    sass-rails (~> 5.0) ruby depends on
      sprockets-rails (< 4.0, >= 2.0) ruby depends on
        actionpack (>= 3.0) ruby

    activeadmin (>= 0) ruby depends on
      kaminari (!= 0.15.0, ~> 0.13) ruby depends on
        actionpack (>= 3.0.0) ruby

    activeadmin (>= 0) ruby depends on
      meta_search (~> 1.0) ruby depends on
        actionpack (~> 3.1) ruby

Running `bundle update` will rebuild your snapshot from scratch, using only
the gems in your Gemfile, which may resolve the conflict.
[0m
bash-3.2$  rails generate active_admin:install 
[31mBundler could not find compatible versions for gem "actionpack":
  In snapshot (Gemfile.lock):
    actionpack (= 4.2.4)

  In Gemfile:
    activeadmin (>= 0) ruby depends on
      inherited_resources (~> 1.3) ruby depends on
        actionpack (< 5, >= 3.2) ruby

    sass-rails (~> 5.0) ruby depends on
      sprockets-rails (< 4.0, >= 2.0) ruby depends on
        actionpack (>= 3.0) ruby

    activeadmin (>= 0) ruby depends on
      inherited_resources (~> 1.3) ruby depends on
        actionpack (< 5, >= 3.2) ruby

    sass-rails (~> 5.0) ruby depends on
      sprockets-rails (< 4.0, >= 2.0) ruby depends on
        actionpack (>= 3.0) ruby

    activeadmin (>= 0) ruby depends on
      kaminari (!= 0.15.0, ~> 0.13) ruby depends on
        actionpack (>= 3.0.0) ruby

    activeadmin (>= 0) ruby depends on
      meta_search (~> 1.0) ruby depends on
        actionpack (~> 3.1) ruby

Running `bundle update` will rebuild your snapshot from scratch, using only
the gems in your Gemfile, which may resolve the conflict.
[0m
bash-3.2$  rails generate active_admin:install 
[31mBundler could not find compatible versions for gem "activesupport":
  In snapshot (Gemfile.lock):
    activesupport (= 4.2.4)

  In Gemfile:
    jbuilder (~> 2.0) ruby depends on
      activesupport (< 5, >= 3.0.0) ruby

    sass-rails (~> 5.0) ruby depends on
      sprockets-rails (< 4.0, >= 2.0) ruby depends on
        activesupport (>= 3.0) ruby

    activeadmin (>= 0) ruby depends on
      inherited_resources (~> 1.3) ruby depends on
        has_scope (~> 0.6.0.rc) ruby depends on
          activesupport (< 5, >= 3.2) ruby

    activeadmin (>= 0) ruby depends on
      meta_search (~> 1.0) ruby depends on
        activesupport (~> 3.1) ruby

Running `bundle update` will rebuild your snapshot from scratch, using only
the gems in your Gemfile, which may resolve the conflict.
[0m
bash-3.2$  rails generate active_admin:install 
[31mBundler could not find compatible versions for gem "rails":
  In Gemfile:
    activeadmin (>= 0) ruby depends on
      rails (< 4, >= 3.0.0) ruby

    rails (= 4.2.4) ruby
[0m
bash-3.2$ gem install rails 3.0.0
Fetching: activesupport-4.2.5.gemFetching: activesupport-4.2.5.gem (  5%)Fetching: activesupport-4.2.5.gem ( 10%)Fetching: activesupport-4.2.5.gem ( 15%)Fetching: activesupport-4.2.5.gem ( 20%)Fetching: activesupport-4.2.5.gem ( 25%)Fetching: activesupport-4.2.5.gem ( 30%)Fetching: activesupport-4.2.5.gem ( 35%)Fetching: activesupport-4.2.5.gem ( 40%)Fetching: activesupport-4.2.5.gem ( 45%)Fetching: activesupport-4.2.5.gem ( 50%)Fetching: activesupport-4.2.5.gem ( 55%)Fetching: activesupport-4.2.5.gem ( 60%)Fetching: activesupport-4.2.5.gem ( 65%)Fetching: activesupport-4.2.5.gem ( 70%)Fetching: activesupport-4.2.5.gem ( 75%)Fetching: activesupport-4.2.5.gem ( 80%)Fetching: activesupport-4.2.5.gem ( 85%)Fetching: activesupport-4.2.5.gem ( 90%)Fetching: activesupport-4.2.5.gem ( 95%)Fetching: activesupport-4.2.5.gem ( 99%)Fetching: activesupport-4.2.5.gem (100%)Fetching: activesupport-4.2.5.gem (100%)
Successfully installed activesupport-4.2.5
Fetching: actionview-4.2.5.gemFetching: actionview-4.2.5.gem ( 11%)Fetching: actionview-4.2.5.gem ( 23%)Fetching: actionview-4.2.5.gem ( 34%)Fetching: actionview-4.2.5.gem ( 45%)Fetching: actionview-4.2.5.gem ( 56%)Fetching: actionview-4.2.5.gem ( 68%)Fetching: actionview-4.2.5.gem ( 79%)Fetching: actionview-4.2.5.gem ( 90%)Fetching: actionview-4.2.5.gem (100%)Fetching: actionview-4.2.5.gem (100%)
Successfully installed actionview-4.2.5
Fetching: actionpack-4.2.5.gemFetching: actionpack-4.2.5.gem (  9%)Fetching: actionpack-4.2.5.gem ( 18%)Fetching: actionpack-4.2.5.gem ( 26%)Fetching: actionpack-4.2.5.gem ( 35%)Fetching: actionpack-4.2.5.gem ( 44%)Fetching: actionpack-4.2.5.gem ( 53%)Fetching: actionpack-4.2.5.gem ( 62%)Fetching: actionpack-4.2.5.gem ( 70%)Fetching: actionpack-4.2.5.gem ( 79%)Fetching: actionpack-4.2.5.gem ( 88%)Fetching: actionpack-4.2.5.gem ( 97%)Fetching: actionpack-4.2.5.gem (100%)Fetching: actionpack-4.2.5.gem (100%)
Successfully installed actionpack-4.2.5
Fetching: railties-4.2.5.gemFetching: railties-4.2.5.gem ( 13%)Fetching: railties-4.2.5.gem ( 26%)Fetching: railties-4.2.5.gem ( 38%)Fetching: railties-4.2.5.gem ( 51%)Fetching: railties-4.2.5.gem ( 64%)Fetching: railties-4.2.5.gem ( 77%)Fetching: railties-4.2.5.gem ( 90%)Fetching: railties-4.2.5.gem (100%)Fetching: railties-4.2.5.gem (100%)
Successfully installed railties-4.2.5
Fetching: activejob-4.2.5.gemFetching: activejob-4.2.5.gem ( 80%)Fetching: activejob-4.2.5.gem (100%)Fetching: activejob-4.2.5.gem (100%)
Successfully installed activejob-4.2.5
Fetching: actionmailer-4.2.5.gemFetching: actionmailer-4.2.5.gem ( 58%)Fetching: actionmailer-4.2.5.gem (100%)Fetching: actionmailer-4.2.5.gem (100%)
Successfully installed actionmailer-4.2.5
Fetching: activemodel-4.2.5.gemFetching: activemodel-4.2.5.gem ( 35%)Fetching: activemodel-4.2.5.gem ( 71%)Fetching: activemodel-4.2.5.gem (100%)Fetching: activemodel-4.2.5.gem (100%)
Successfully installed activemodel-4.2.5
Fetching: activerecord-4.2.5.gemFetching: activerecord-4.2.5.gem (  5%)Fetching: activerecord-4.2.5.gem ( 10%)Fetching: activerecord-4.2.5.gem ( 15%)Fetching: activerecord-4.2.5.gem ( 20%)Fetching: activerecord-4.2.5.gem ( 25%)Fetching: activerecord-4.2.5.gem ( 30%)Fetching: activerecord-4.2.5.gem ( 35%)Fetching: activerecord-4.2.5.gem ( 40%)Fetching: activerecord-4.2.5.gem ( 45%)Fetching: activerecord-4.2.5.gem ( 50%)Fetching: activerecord-4.2.5.gem ( 55%)Fetching: activerecord-4.2.5.gem ( 60%)Fetching: activerecord-4.2.5.gem ( 65%)Fetching: activerecord-4.2.5.gem ( 70%)Fetching: activerecord-4.2.5.gem ( 75%)Fetching: activerecord-4.2.5.gem ( 80%)Fetching: activerecord-4.2.5.gem ( 85%)Fetching: activerecord-4.2.5.gem ( 90%)Fetching: activerecord-4.2.5.gem ( 95%)Fetching: activerecord-4.2.5.gem (100%)Fetching: activerecord-4.2.5.gem (100%)
Successfully installed activerecord-4.2.5
Fetching: rails-4.2.5.gemFetching: rails-4.2.5.gem (  2%)Fetching: rails-4.2.5.gem (  3%)Fetching: rails-4.2.5.gem (  4%)Fetching: rails-4.2.5.gem (  5%)Fetching: rails-4.2.5.gem (  6%)Fetching: rails-4.2.5.gem (  7%)Fetching: rails-4.2.5.gem (  8%)Fetching: rails-4.2.5.gem (  9%)Fetching: rails-4.2.5.gem ( 10%)Fetching: rails-4.2.5.gem ( 12%)Fetching: rails-4.2.5.gem ( 13%)Fetching: rails-4.2.5.gem ( 14%)Fetching: rails-4.2.5.gem ( 15%)Fetching: rails-4.2.5.gem ( 16%)Fetching: rails-4.2.5.gem ( 17%)Fetching: rails-4.2.5.gem ( 18%)Fetching: rails-4.2.5.gem ( 19%)Fetching: rails-4.2.5.gem ( 20%)Fetching: rails-4.2.5.gem ( 22%)Fetching: rails-4.2.5.gem ( 23%)Fetching: rails-4.2.5.gem ( 24%)Fetching: rails-4.2.5.gem ( 25%)Fetching: rails-4.2.5.gem ( 26%)Fetching: rails-4.2.5.gem ( 27%)Fetching: rails-4.2.5.gem ( 28%)Fetching: rails-4.2.5.gem ( 29%)Fetching: rails-4.2.5.gem ( 30%)Fetching: rails-4.2.5.gem ( 32%)Fetching: rails-4.2.5.gem ( 33%)Fetching: rails-4.2.5.gem ( 34%)Fetching: rails-4.2.5.gem ( 35%)Fetching: rails-4.2.5.gem ( 36%)Fetching: rails-4.2.5.gem ( 37%)Fetching: rails-4.2.5.gem ( 38%)Fetching: rails-4.2.5.gem ( 39%)Fetching: rails-4.2.5.gem ( 40%)Fetching: rails-4.2.5.gem ( 42%)Fetching: rails-4.2.5.gem ( 43%)Fetching: rails-4.2.5.gem ( 44%)Fetching: rails-4.2.5.gem ( 45%)Fetching: rails-4.2.5.gem ( 46%)Fetching: rails-4.2.5.gem ( 47%)Fetching: rails-4.2.5.gem ( 48%)Fetching: rails-4.2.5.gem ( 49%)Fetching: rails-4.2.5.gem ( 50%)Fetching: rails-4.2.5.gem ( 52%)Fetching: rails-4.2.5.gem ( 53%)Fetching: rails-4.2.5.gem ( 54%)Fetching: rails-4.2.5.gem ( 55%)Fetching: rails-4.2.5.gem ( 56%)Fetching: rails-4.2.5.gem ( 57%)Fetching: rails-4.2.5.gem ( 58%)Fetching: rails-4.2.5.gem ( 59%)Fetching: rails-4.2.5.gem ( 60%)Fetching: rails-4.2.5.gem ( 62%)Fetching: rails-4.2.5.gem ( 63%)Fetching: rails-4.2.5.gem ( 64%)Fetching: rails-4.2.5.gem ( 65%)Fetching: rails-4.2.5.gem ( 66%)Fetching: rails-4.2.5.gem ( 67%)Fetching: rails-4.2.5.gem ( 68%)Fetching: rails-4.2.5.gem ( 69%)Fetching: rails-4.2.5.gem ( 70%)Fetching: rails-4.2.5.gem ( 72%)Fetching: rails-4.2.5.gem ( 73%)Fetching: rails-4.2.5.gem ( 74%)Fetching: rails-4.2.5.gem ( 75%)Fetching: rails-4.2.5.gem ( 76%)Fetching: rails-4.2.5.gem ( 77%)Fetching: rails-4.2.5.gem ( 78%)Fetching: rails-4.2.5.gem ( 79%)Fetching: rails-4.2.5.gem ( 80%)Fetching: rails-4.2.5.gem ( 82%)Fetching: rails-4.2.5.gem ( 83%)Fetching: rails-4.2.5.gem ( 84%)Fetching: rails-4.2.5.gem ( 85%)Fetching: rails-4.2.5.gem ( 86%)Fetching: rails-4.2.5.gem ( 87%)Fetching: rails-4.2.5.gem ( 88%)Fetching: rails-4.2.5.gem ( 89%)Fetching: rails-4.2.5.gem ( 90%)Fetching: rails-4.2.5.gem ( 91%)Fetching: rails-4.2.5.gem ( 93%)Fetching: rails-4.2.5.gem ( 94%)Fetching: rails-4.2.5.gem ( 95%)Fetching: rails-4.2.5.gem ( 96%)Fetching: rails-4.2.5.gem ( 97%)Fetching: rails-4.2.5.gem ( 98%)Fetching: rails-4.2.5.gem ( 99%)Fetching: rails-4.2.5.gem (100%)Fetching: rails-4.2.5.gem (100%)
Successfully installed rails-4.2.5
Parsing documentation for activesupport-4.2.5
Installing ri documentation for activesupport-4.2.5
Parsing documentation for actionview-4.2.5
Installing ri documentation for actionview-4.2.5
Parsing documentation for actionpack-4.2.5
Installing ri documentation for actionpack-4.2.5
Parsing documentation for railties-4.2.5
Installing ri documentation for railties-4.2.5
Parsing documentation for activejob-4.2.5
Installing ri documentation for activejob-4.2.5
Parsing documentation for actionmailer-4.2.5
Installing ri documentation for actionmailer-4.2.5
Parsing documentation for activemodel-4.2.5
Installing ri documentation for activemodel-4.2.5
Parsing documentation for activerecord-4.2.5
Installing ri documentation for activerecord-4.2.5
Parsing documentation for rails-4.2.5
Installing ri documentation for rails-4.2.5
Done installing documentation for activesupport, actionview, actionpack, railties, activejob, actionmailer, activemodel, activerecord, rails after 246 seconds
ERROR:  Could not find a valid gem '3.0.0' (>= 0) in any repository
9 gems installed
bash-3.2$ gem install rails 3.0.0[C[C[C[C[C[C[C[C[C[C rails generate active_admin:install [C[C[C[C[C[C[C[C[C[C[14Pgem install rails 3.0.0[C[C[C[C[C[C[C[C[C[C[Kgem i[Kuninstall rais[Kls

Select gem to uninstall:
 1. rails-3.2.22
 2. rails-4.2.4
 3. rails-4.2.5
 4. All versions
> ^[  
Error: must enter a number [1-4]
bash-3.2$ gem install rails -v 3.1.12
Fetching: activesupport-3.1.12.gemFetching: activesupport-3.1.12.gem (  6%)Fetching: activesupport-3.1.12.gem ( 12%)Fetching: activesupport-3.1.12.gem ( 18%)Fetching: activesupport-3.1.12.gem ( 23%)Fetching: activesupport-3.1.12.gem ( 29%)Fetching: activesupport-3.1.12.gem ( 35%)Fetching: activesupport-3.1.12.gem ( 41%)Fetching: activesupport-3.1.12.gem ( 47%)Fetching: activesupport-3.1.12.gem ( 53%)Fetching: activesupport-3.1.12.gem ( 58%)Fetching: activesupport-3.1.12.gem ( 64%)Fetching: activesupport-3.1.12.gem ( 70%)Fetching: activesupport-3.1.12.gem ( 76%)Fetching: activesupport-3.1.12.gem ( 82%)Fetching: activesupport-3.1.12.gem ( 87%)Fetching: activesupport-3.1.12.gem ( 93%)Fetching: activesupport-3.1.12.gem ( 99%)Fetching: activesupport-3.1.12.gem (100%)Fetching: activesupport-3.1.12.gem (100%)
Successfully installed activesupport-3.1.12
Fetching: activemodel-3.1.12.gemFetching: activemodel-3.1.12.gem ( 37%)Fetching: activemodel-3.1.12.gem ( 77%)Fetching: activemodel-3.1.12.gem (100%)Fetching: activemodel-3.1.12.gem (100%)
Successfully installed activemodel-3.1.12
Fetching: rack-1.3.10.gemFetching: rack-1.3.10.gem (  9%)Fetching: rack-1.3.10.gem ( 18%)Fetching: rack-1.3.10.gem ( 26%)Fetching: rack-1.3.10.gem ( 35%)Fetching: rack-1.3.10.gem ( 44%)Fetching: rack-1.3.10.gem ( 53%)Fetching: rack-1.3.10.gem ( 61%)Fetching: rack-1.3.10.gem ( 70%)Fetching: rack-1.3.10.gem ( 79%)Fetching: rack-1.3.10.gem ( 87%)Fetching: rack-1.3.10.gem ( 96%)Fetching: rack-1.3.10.gem (100%)Fetching: rack-1.3.10.gem (100%)
Successfully installed rack-1.3.10
Fetching: rack-mount-0.8.3.gemFetching: rack-mount-0.8.3.gem ( 64%)Fetching: rack-mount-0.8.3.gem (100%)Fetching: rack-mount-0.8.3.gem (100%)
Successfully installed rack-mount-0.8.3
Fetching: sprockets-2.0.5.gemFetching: sprockets-2.0.5.gem ( 47%)Fetching: sprockets-2.0.5.gem ( 96%)Fetching: sprockets-2.0.5.gem (100%)Fetching: sprockets-2.0.5.gem (100%)
Successfully installed sprockets-2.0.5
Fetching: actionpack-3.1.12.gemFetching: actionpack-3.1.12.gem (  6%)Fetching: actionpack-3.1.12.gem ( 12%)Fetching: actionpack-3.1.12.gem ( 18%)Fetching: actionpack-3.1.12.gem ( 24%)Fetching: actionpack-3.1.12.gem ( 30%)Fetching: actionpack-3.1.12.gem ( 35%)Fetching: actionpack-3.1.12.gem ( 41%)Fetching: actionpack-3.1.12.gem ( 47%)Fetching: actionpack-3.1.12.gem ( 53%)Fetching: actionpack-3.1.12.gem ( 59%)Fetching: actionpack-3.1.12.gem ( 65%)Fetching: actionpack-3.1.12.gem ( 71%)Fetching: actionpack-3.1.12.gem ( 77%)Fetching: actionpack-3.1.12.gem ( 83%)Fetching: actionpack-3.1.12.gem ( 88%)Fetching: actionpack-3.1.12.gem ( 94%)Fetching: actionpack-3.1.12.gem (100%)Fetching: actionpack-3.1.12.gem (100%)
Successfully installed actionpack-3.1.12
Fetching: arel-2.2.3.gemFetching: arel-2.2.3.gem ( 34%)Fetching: arel-2.2.3.gem ( 70%)Fetching: arel-2.2.3.gem (100%)Fetching: arel-2.2.3.gem (100%)
Successfully installed arel-2.2.3
Fetching: activerecord-3.1.12.gemFetching: activerecord-3.1.12.gem (  6%)Fetching: activerecord-3.1.12.gem ( 12%)Fetching: activerecord-3.1.12.gem ( 18%)Fetching: activerecord-3.1.12.gem ( 23%)Fetching: activerecord-3.1.12.gem ( 29%)Fetching: activerecord-3.1.12.gem ( 35%)Fetching: activerecord-3.1.12.gem ( 41%)Fetching: activerecord-3.1.12.gem ( 47%)Fetching: activerecord-3.1.12.gem ( 52%)Fetching: activerecord-3.1.12.gem ( 58%)Fetching: activerecord-3.1.12.gem ( 64%)Fetching: activerecord-3.1.12.gem ( 70%)Fetching: activerecord-3.1.12.gem ( 76%)Fetching: activerecord-3.1.12.gem ( 82%)Fetching: activerecord-3.1.12.gem ( 87%)Fetching: activerecord-3.1.12.gem ( 93%)Fetching: activerecord-3.1.12.gem ( 99%)Fetching: activerecord-3.1.12.gem (100%)Fetching: activerecord-3.1.12.gem (100%)
Successfully installed activerecord-3.1.12
Fetching: activeresource-3.1.12.gemFetching: activeresource-3.1.12.gem ( 42%)Fetching: activeresource-3.1.12.gem ( 86%)Fetching: activeresource-3.1.12.gem (100%)Fetching: activeresource-3.1.12.gem (100%)
Successfully installed activeresource-3.1.12
Fetching: mail-2.4.4.gemFetching: mail-2.4.4.gem ( 13%)Fetching: mail-2.4.4.gem ( 27%)Fetching: mail-2.4.4.gem ( 40%)Fetching: mail-2.4.4.gem ( 54%)Fetching: mail-2.4.4.gem ( 67%)Fetching: mail-2.4.4.gem ( 80%)Fetching: mail-2.4.4.gem ( 94%)Fetching: mail-2.4.4.gem (100%)Fetching: mail-2.4.4.gem (100%)
Successfully installed mail-2.4.4
Fetching: actionmailer-3.1.12.gemFetching: actionmailer-3.1.12.gem ( 64%)Fetching: actionmailer-3.1.12.gem (100%)Fetching: actionmailer-3.1.12.gem (100%)
Successfully installed actionmailer-3.1.12
Fetching: thor-0.14.6.gemFetching: thor-0.14.6.gem ( 22%)Fetching: thor-0.14.6.gem ( 44%)Fetching: thor-0.14.6.gem ( 67%)Fetching: thor-0.14.6.gem ( 89%)Fetching: thor-0.14.6.gem (100%)Fetching: thor-0.14.6.gem (100%)
Successfully installed thor-0.14.6
Fetching: railties-3.1.12.gemFetching: railties-3.1.12.gem (  2%)Fetching: railties-3.1.12.gem (  3%)Fetching: railties-3.1.12.gem (  4%)Fetching: railties-3.1.12.gem (  5%)Fetching: railties-3.1.12.gem (  6%)Fetching: railties-3.1.12.gem (  7%)Fetching: railties-3.1.12.gem (  8%)Fetching: railties-3.1.12.gem (  9%)Fetching: railties-3.1.12.gem ( 10%)Fetching: railties-3.1.12.gem ( 11%)Fetching: railties-3.1.12.gem ( 12%)Fetching: railties-3.1.12.gem ( 13%)Fetching: railties-3.1.12.gem ( 15%)Fetching: railties-3.1.12.gem ( 16%)Fetching: railties-3.1.12.gem ( 17%)Fetching: railties-3.1.12.gem ( 18%)Fetching: railties-3.1.12.gem ( 19%)Fetching: railties-3.1.12.gem ( 20%)Fetching: railties-3.1.12.gem ( 21%)Fetching: railties-3.1.12.gem ( 22%)Fetching: railties-3.1.12.gem ( 23%)Fetching: railties-3.1.12.gem ( 24%)Fetching: railties-3.1.12.gem ( 25%)Fetching: railties-3.1.12.gem ( 26%)Fetching: railties-3.1.12.gem ( 28%)Fetching: railties-3.1.12.gem ( 29%)Fetching: railties-3.1.12.gem ( 30%)Fetching: railties-3.1.12.gem ( 31%)Fetching: railties-3.1.12.gem ( 32%)Fetching: railties-3.1.12.gem ( 33%)Fetching: railties-3.1.12.gem ( 34%)Fetching: railties-3.1.12.gem ( 35%)Fetching: railties-3.1.12.gem ( 36%)Fetching: railties-3.1.12.gem ( 37%)Fetching: railties-3.1.12.gem ( 38%)Fetching: railties-3.1.12.gem ( 39%)Fetching: railties-3.1.12.gem ( 41%)Fetching: railties-3.1.12.gem ( 42%)Fetching: railties-3.1.12.gem ( 43%)Fetching: railties-3.1.12.gem ( 44%)Fetching: railties-3.1.12.gem ( 45%)Fetching: railties-3.1.12.gem ( 46%)Fetching: railties-3.1.12.gem ( 47%)Fetching: railties-3.1.12.gem ( 48%)Fetching: railties-3.1.12.gem ( 49%)Fetching: railties-3.1.12.gem ( 50%)Fetching: railties-3.1.12.gem ( 51%)Fetching: railties-3.1.12.gem ( 52%)Fetching: railties-3.1.12.gem ( 54%)Fetching: railties-3.1.12.gem ( 55%)Fetching: railties-3.1.12.gem ( 56%)Fetching: railties-3.1.12.gem ( 57%)Fetching: railties-3.1.12.gem ( 58%)Fetching: railties-3.1.12.gem ( 59%)Fetching: railties-3.1.12.gem ( 60%)Fetching: railties-3.1.12.gem ( 61%)Fetching: railties-3.1.12.gem ( 62%)Fetching: railties-3.1.12.gem ( 63%)Fetching: railties-3.1.12.gem ( 64%)Fetching: railties-3.1.12.gem ( 65%)Fetching: railties-3.1.12.gem ( 67%)Fetching: railties-3.1.12.gem ( 68%)Fetching: railties-3.1.12.gem ( 69%)Fetching: railties-3.1.12.gem ( 70%)Fetching: railties-3.1.12.gem ( 71%)Fetching: railties-3.1.12.gem ( 72%)Fetching: railties-3.1.12.gem ( 73%)Fetching: railties-3.1.12.gem ( 74%)Fetching: railties-3.1.12.gem ( 75%)Fetching: railties-3.1.12.gem ( 76%)Fetching: railties-3.1.12.gem ( 77%)Fetching: railties-3.1.12.gem ( 78%)Fetching: railties-3.1.12.gem ( 80%)Fetching: railties-3.1.12.gem ( 81%)Fetching: railties-3.1.12.gem ( 82%)Fetching: railties-3.1.12.gem ( 83%)Fetching: railties-3.1.12.gem ( 84%)Fetching: railties-3.1.12.gem ( 85%)Fetching: railties-3.1.12.gem ( 86%)Fetching: railties-3.1.12.gem ( 87%)Fetching: railties-3.1.12.gem ( 88%)Fetching: railties-3.1.12.gem ( 89%)Fetching: railties-3.1.12.gem ( 90%)Fetching: railties-3.1.12.gem ( 92%)Fetching: railties-3.1.12.gem ( 93%)Fetching: railties-3.1.12.gem ( 94%)Fetching: railties-3.1.12.gem ( 95%)Fetching: railties-3.1.12.gem ( 96%)Fetching: railties-3.1.12.gem ( 97%)Fetching: railties-3.1.12.gem ( 98%)Fetching: railties-3.1.12.gem ( 99%)Fetching: railties-3.1.12.gem (100%)Fetching: railties-3.1.12.gem (100%)
Successfully installed railties-3.1.12
Fetching: rails-3.1.12.gemFetching: rails-3.1.12.gem (100%)Fetching: rails-3.1.12.gem (100%)
rails's executable "rails" conflicts with railties
Overwrite the executable? [yN]  y
Successfully installed rails-3.1.12
Parsing documentation for activesupport-3.1.12
Installing ri documentation for activesupport-3.1.12
Parsing documentation for activemodel-3.1.12
Installing ri documentation for activemodel-3.1.12
Parsing documentation for rack-1.3.10
Installing ri documentation for rack-1.3.10
Parsing documentation for rack-mount-0.8.3
Installing ri documentation for rack-mount-0.8.3
Parsing documentation for sprockets-2.0.5
Installing ri documentation for sprockets-2.0.5
Parsing documentation for actionpack-3.1.12
Installing ri documentation for actionpack-3.1.12
Parsing documentation for arel-2.2.3
Installing ri documentation for arel-2.2.3
Parsing documentation for activerecord-3.1.12
Installing ri documentation for activerecord-3.1.12
Parsing documentation for activeresource-3.1.12
Installing ri documentation for activeresource-3.1.12
Parsing documentation for mail-2.4.4
Installing ri documentation for mail-2.4.4
Parsing documentation for actionmailer-3.1.12
Installing ri documentation for actionmailer-3.1.12
Parsing documentation for thor-0.14.6
Installing ri documentation for thor-0.14.6
Parsing documentation for railties-3.1.12
Installing ri documentation for railties-3.1.12
Parsing documentation for rails-3.1.12
Installing ri documentation for rails-3.1.12
Done installing documentation for activesupport, activemodel, rack, rack-mount, sprockets, actionpack, arel, activerecord, activeresource, mail, actionmailer, thor, railties, rails after 23 seconds
14 gems installed
bash-3.2$ rails -v
/Users/allen/.rbenv/versions/2.2.3/bin/rails:23:in `load': cannot load such file -- /Users/allen/.rbenv/versions/2.2.3/lib/ruby/gems/2.2.0/gems/rails-4.2.5/bin/rails (LoadError)
	from /Users/allen/.rbenv/versions/2.2.3/bin/rails:23:in `<main>'
bash-3.2$ rails
/Users/allen/.rbenv/versions/2.2.3/bin/rails:23:in `load': cannot load such file -- /Users/allen/.rbenv/versions/2.2.3/lib/ruby/gems/2.2.0/gems/rails-4.2.5/bin/rails (LoadError)
	from /Users/allen/.rbenv/versions/2.2.3/bin/rails:23:in `<main>'
bash-3.2$ rails -vgem install rails -v 3.1.12[K[K[K[K[K[K3[K[K[K[K[K 3.2[K[K[K[K[K[K[K[K[K[K[K[K[K[K[K[K[K[K[K[K[Krails - v[K[Ke[Kversions
/Users/allen/.rbenv/versions/2.2.3/bin/rails:23:in `load': cannot load such file -- /Users/allen/.rbenv/versions/2.2.3/lib/ruby/gems/2.2.0/gems/rails-4.2.5/bin/rails (LoadError)
	from /Users/allen/.rbenv/versions/2.2.3/bin/rails:23:in `<main>'
bash-3.2$ rails -versions[K -vgem install rails -v 3.1.12[C[C[C[C[C[C[C[C[C[Crails -v[Kgem install rails -v 3.1.12[K[K[K[K[K[K[K[K[K[K
Successfully installed rails-4.2.5
Parsing documentation for rails-4.2.5
Done installing documentation for rails after 0 seconds
1 gem installed
bash-3.2$ g[Krails -v
/Users/allen/.rbenv/versions/2.2.3/bin/rails:23:in `load': cannot load such file -- /Users/allen/.rbenv/versions/2.2.3/lib/ruby/gems/2.2.0/gems/rails-4.2.5/bin/rails (LoadError)
	from /Users/allen/.rbenv/versions/2.2.3/bin/rails:23:in `<main>'
bash-3.2$ bundle install
Fetching gem metadata from https://rubygems.org/............
Fetching version metadata from https://rubygems.org/...
Fetching dependency metadata from https://rubygems.org/..
Resolving dependencies...........
[31mYour Gemfile requires gems that depend on each other, creating an infinite loop.
Please remove gem 'meta_search' and try again.[0m
bash-3.2$ gem unisn[K[Knstall rails

Select gem to uninstall:
 1. rails-3.1.12
 2. rails-3.2.22
 3. rails-4.2.4
 4. rails-4.2.5
 5. All versions
> 1
Remove executables:
	rails

in addition to the gem? [Yn]  y
Removing rails
Successfully uninstalled rails-3.1.12
bash-3.2$ rails
rbenv: rails: command not found
bash-3.2$ gem install rails -v 3.2.22
Successfully installed rails-3.2.22
Parsing documentation for rails-3.2.22
Done installing documentation for rails after 0 seconds
1 gem installed
bash-3.2$ rails
rbenv: rails: command not found
bash-3.2$ rbenv exec gem install rails -v 3.2.22
Successfully installed rails-3.2.22
Parsing documentation for rails-3.2.22
Done installing documentation for rails after 0 seconds
1 gem installed
bash-3.2$ rbenv exec gem install rails -v 3.2.22[C[C[C[C[C[C[C[C[C[C[Cails[K
rbenv: rails: command not found
bash-3.2$ brew install rails
[4;31mError[0m: No available formula with the name "rails" 
[1;34m==>[1;39m Searching for similarly named formulae...[0m
This similarly named formula was found:
grails
To install it, run:
  brew install grails
[1;34m==>[1;39m Searching taps...[0m
These formulae were found in taps:
homebrew/devel-only/rails-completion     homebrew/versions/grails223            
homebrew/versions/grails13               homebrew/versions/grails224            
homebrew/versions/grails20               homebrew/versions/grails23             
homebrew/versions/grails21               Caskroom/cask/vistrails                
homebrew/versions/grails22             
To install one of them, run (for example):
  brew install homebrew/devel-only/rails-completion
bash-3.2$ rv[Kben[K[K[K[Kbundle install
Fetching gem metadata from https://rubygems.org/............
Fetching version metadata from https://rubygems.org/...
Fetching dependency metadata from https://rubygems.org/..
Resolving dependencies..............
[31mYour Gemfile requires gems that depend on each other, creating an infinite loop.
Please remove gem 'meta_search' and try again.[0m
bash-3.2$ bundle install
Fetching gem metadata from https://rubygems.org/............
Fetching version metadata from https://rubygems.org/...
Fetching dependency metadata from https://rubygems.org/..
Resolving dependencies...
[31mBundler could not find compatible versions for gem "railties":
  In Gemfile:
    rails (= 3.2.22) ruby depends on
      railties (= 3.2.22) ruby

    coffee-rails (~> 4.1.0) ruby depends on
      railties (< 5.0, >= 4.0.0) ruby[0m
bash-3.2$ bundle install
Fetching gem metadata from https://rubygems.org/............
Fetching version metadata from https://rubygems.org/...
Fetching dependency metadata from https://rubygems.org/..
Resolving dependencies........
[31mBundler could not find compatible versions for gem "railties":
  In Gemfile:
    rails (= 3.2.22) ruby depends on
      railties (= 3.2.22) ruby

    sass-rails (~> 5.0) ruby depends on
      railties (< 5.0, >= 4.0.0) ruby[0m
bash-3.2$ cd rails
bash: cd: rails: No such file or directory
bash-3.2$ rails
rbenv: rails: command not found
bash-3.2$ rbenv -v
rbenv 0.4.0
bash-3.2$ rbenv -versions
rbenv: no such command `-versions'
bash-3.2$ rbenv -versions[K[K[K[K[K[K[K[K[Khelop
rbenv: no such command `helop'
bash-3.2$ rbenv helop[K[Kp
Usage: rbenv <command> [<args>]

Some useful rbenv commands are:
   commands    List all available rbenv commands
   local       Set or show the local application-specific Ruby version
   global      Set or show the global Ruby version
   shell       Set or show the shell-specific Ruby version
   install     Install a Ruby version using ruby-build
   uninstall   Uninstall a specific Ruby version
   rehash      Rehash rbenv shims (run this after installing executables)
   version     Show the current Ruby version and its origin
   versions    List all Ruby versions available to rbenv
   which       Display the full path to an executable
   whence      List all Ruby versions that contain the given executable

See `rbenv help <command>' for information on a specific command.
For full documentation, see: https://github.com/sstephenson/rbenv#readme
bash-3.2$ rbenv help[K[K[K[Kversions
  system
* 2.2.3 (set by /Users/allen/.rbenv/version)
bash-3.2$ rils [K[K[K[K[Kgem install rails
Successfully installed rails-4.2.5
Parsing documentation for rails-4.2.5
Done installing documentation for rails after 0 seconds
1 gem installed
bash-3.2$ rails
rbenv: rails: command not found
bash-3.2$ 
bash-3.2$ 
bash-3.2$ 